// Jest Snapshot v1, https://goo.gl/fbAQLP

exports[`Spinner component should renderer snapshot 1`] = `"<div class=\\"spinner\\"><div class=\\"mask\\"></div></div>"`;
